[modelo18.ondatta.com.br/index.html]
[backblue.gif]
[fade.gif]
[index.html]
[modelo18.ondatta.com.br/comments/feed/index.html]
[modelo18.ondatta.com.br/feed/index.html]
[modelo18.ondatta.com.br/wp-includes/js/jquery/jquery.minf43b.js]
[modelo18.ondatta.com.br/wp-includes/js/jquery/jquery-migrate.min5589.js]
[modelo18.ondatta.com.br/wp-content/plugins/cookie-law-info/legacy/public/js/cookie-law-info-public2c3d.js]
[modelo18.ondatta.com.br/wp-json/wp/v2/pages/8.json]
[modelo18.ondatta.com.br/xmlrpc0db0.php]
[modelo18.ondatta.com.br/wp-json/index.html]
[modelo18.ondatta.com.br/wp-json/oembed/1.0/embedef25.json]
[modelo18.ondatta.com.br/wp-json/oembed/1.0/embedb989]
[modelo18.ondatta.com.br/wp-content/uploads/2021/07/favicon-1.png]
[modelo18.ondatta.com.br/wp-content/uploads/2021/07/logo-1.png]
[modelo18.ondatta.com.br/wp-content/uploads/2024/04/contabilidade-nome-escritorio-22.jpg]
[modelo18.ondatta.com.br/wp-content/uploads/2024/04/planejamento-tributario-nome-escritorio-33.jpg]
[modelo18.ondatta.com.br/wp-content/uploads/2024/04/planejamento-tributario-nome-escritorio-17.jpg]
[modelo18.ondatta.com.br/wp-content/uploads/2024/04/planejamento-tributario-nome-escritorio-8.jpg]
[modelo18.ondatta.com.br/wp-content/uploads/2022/01/tec-9.png]
[modelo18.ondatta.com.br/sobre-nos/index.html]
[modelo18.ondatta.com.br/servicos/index.html]
[modelo18.ondatta.com.br/noticias-contabeis/negocio-sem-alvara-de-funcionamento-quais-os-riscos-e-consequencias-/d1a26ee6-c467-4c8e-8b94-8332aad2feb3]
[modelo18.ondatta.com.br/abrir-empresa/index.html]
[modelo18.ondatta.com.br/noticias/index.html]
[appcontabildata.blob.core.windows.net/noticias/6775b095-57a5-4acb-b0bb-dd930ff10694.png]
[modelo18.ondatta.com.br/contato/index.html]
[modelo18.ondatta.com.br/noticias-contabeis/negocio-sem-alvara-de-funcionamento-quais-os-riscos-e-consequencias-/d1a26ee6-c467-4c8e-8b94-8332aad2feb3/index.html]
[modelo18.ondatta.com.br/noticias-contabeis/nova-edicao-da-ifrs-para-pmes-veja-o-que-mudou-e-como-se-adaptar/8c2c5615-5e0c-4180-b8a8-d954d1344a92.36.delayed]
[appcontabildata.blob.core.windows.net/noticias/4995ce7a-623c-42de-ae57-bcf6146d6d34.jpg]
[modelo18.ondatta.com.br/noticias-contabeis/nova-edicao-da-ifrs-para-pmes-veja-o-que-mudou-e-como-se-adaptar/8c2c5615-5e0c-4180-b8a8-d954d1344a92/index.html]
[modelo18.ondatta.com.br/noticias-contabeis/mei-guias-do-das-podem-ser-emitidas-de-forma-consolidada/24e2bebe-d285-4dde-b5d6-0453f3b0f606]
[modelo18.ondatta.com.br/noticias-contabeis/mei-guias-do-das-podem-ser-emitidas-de-forma-consolidada/24e2bebe-d285-4dde-b5d6-0453f3b0f606/index.html]
[appcontabildata.blob.core.windows.net/noticias/70015cda-1554-4bbc-8c70-85db3d76f6e8.jpg]
[modelo18.ondatta.com.br/noticias-contabeis/depositos-de-marcas-feitos-por-pequenos-negocios-crescem-33-em-dois-anos/f3c0ffab-68ec-4732-adaa-1aa5342dcef9.3a.delayed]
[modelo18.ondatta.com.br/noticias-contabeis/depositos-de-marcas-feitos-por-pequenos-negocios-crescem-33-em-dois-anos/f3c0ffab-68ec-4732-adaa-1aa5342dcef9/index.html]
[appcontabildata.blob.core.windows.net/noticias/79f29413-ef58-42da-a20d-a786d30a0665.png]
[modelo18.ondatta.com.br/wp-content/uploads/2021/07/logo-2.png]
[modelo18.ondatta.com.br/politica-de-privacidade/index.html]
[modelo18.ondatta.com.br/termos-de-uso/index.html]
[modelo18.ondatta.com.br/wp-includes/js/imagesloaded.minbb93.js]
[modelo18.ondatta.com.br/wp-content/themes/contabil/assets/js/vendors/isotope.pkgd.min41fe.js]
[modelo18.ondatta.com.br/wp-content/themes/contabil/assets/js/vendors/flickity.pkgd.min41fe.js]
[modelo18.ondatta.com.br/wp-content/themes/contabil/assets/js/vendors/photoswipe.min41fe.js]
[modelo18.ondatta.com.br/wp-content/themes/contabil/assets/js/vendors/photoswipe-ui-default.min41fe.js]
[modelo18.ondatta.com.br/wp-content/themes/contabil/assets/js/vendors/sidr41fe.js]
[modelo18.ondatta.com.br/wp-content/themes/contabil/assets/js/theme.vanilla.min41fe.js]
[modelo18.ondatta.com.br/wp-content/plugins/elementor-pro/assets/lib/smartmenus/jquery.smartmenus.min1576.js]
[modelo18.ondatta.com.br/wp-content/plugins/elementor-pro/assets/lib/sticky/jquery.sticky.min7ed1.js]
[modelo18.ondatta.com.br/wp-content/plugins/creame-whatsapp-me/public/js/joinchat.min9738.js]
[modelo18.ondatta.com.br/wp-content/plugins/elementor/assets/lib/jquery-numerator/jquery-numerator.min3958.js]
[modelo18.ondatta.com.br/wp-content/plugins/elementor-pro/assets/js/webpack-pro.runtime.min7ed1.js]
[modelo18.ondatta.com.br/wp-content/plugins/elementor/assets/js/webpack.runtime.min401f.js]
[modelo18.ondatta.com.br/wp-content/plugins/elementor/assets/js/frontend-modules.min401f.js]
[modelo18.ondatta.com.br/wp-includes/js/dist/hooks.min4fdd.js]
[modelo18.ondatta.com.br/wp-includes/js/dist/i18n.minc33c.js]
[modelo18.ondatta.com.br/wp-content/plugins/elementor-pro/assets/js/frontend.min7ed1.js]
[modelo18.ondatta.com.br/wp-includes/js/jquery/ui/core.minb37e.js]
[modelo18.ondatta.com.br/wp-content/plugins/elementor/assets/js/frontend.min401f.js]
[modelo18.ondatta.com.br/wp-content/plugins/elementor-pro/assets/js/elements-handlers.min7ed1.js]
[modelo18.ondatta.com.br/index.html]
[modelo18.ondatta.com.br/wp-content/plugins/cookie-law-info/legacy/public/css/cookie-law-info-public2c3d.css]
[modelo18.ondatta.com.br/wp-content/plugins/cookie-law-info/legacy/public/css/cookie-law-info-gdpr2c3d.css]
[modelo18.ondatta.com.br/wp-content/themes/contabil/assets/fonts/fontawesome/webfonts/fa-brands-400.eot]
[modelo18.ondatta.com.br/wp-content/themes/contabil/assets/fonts/fontawesome/webfonts/fa-brands-400d41d.eot]
[modelo18.ondatta.com.br/wp-content/themes/contabil/assets/fonts/fontawesome/webfonts/fa-regular-400.eot]
[modelo18.ondatta.com.br/wp-content/themes/contabil/assets/fonts/fontawesome/webfonts/fa-regular-400d41d.eot]
[modelo18.ondatta.com.br/wp-content/themes/contabil/assets/fonts/fontawesome/webfonts/fa-solid-900.eot]
[modelo18.ondatta.com.br/wp-content/themes/contabil/assets/fonts/fontawesome/webfonts/fa-solid-900d41d.eot]
[modelo18.ondatta.com.br/wp-content/themes/contabil/assets/fonts/fontawesome/css/all.min9e0b.css]
[modelo18.ondatta.com.br/wp-content/themes/contabil/assets/fonts/simple-line-icons/Simple-Line-Iconsb26c.eot]
[modelo18.ondatta.com.br/wp-content/themes/contabil/assets/css/third/simple-line-icons.min8d5a.css]
[modelo18.ondatta.com.br/wp-content/themes/contabil/assets/img/photoswipe/default-skin.png]
[modelo18.ondatta.com.br/wp-content/themes/contabil/assets/img/photoswipe/preloader.gif]
[modelo18.ondatta.com.br/wp-content/themes/contabil/assets/css/style.min41fe.css]
[modelo18.ondatta.com.br/wp-content/plugins/elementor/assets/css/frontend.min401f.css]
[modelo18.ondatta.com.br/wp-content/plugins/elementor/assets/css/widget-image.min401f.css]
[modelo18.ondatta.com.br/wp-content/plugins/elementor-pro/assets/css/widget-nav-menu.min7ed1.css]
[modelo18.ondatta.com.br/wp-content/plugins/elementor/assets/css/widget-icon-box.min401f.css]
[modelo18.ondatta.com.br/wp-content/plugins/elementor/assets/css/widget-heading.min401f.css]
[modelo18.ondatta.com.br/wp-content/plugins/elementor/assets/lib/animations/styles/e-animation-grow.min401f.css]
[modelo18.ondatta.com.br/wp-content/plugins/elementor/assets/css/widget-social-icons.min401f.css]
[modelo18.ondatta.com.br/wp-content/plugins/elementor/assets/css/conditionals/apple-webkit.min401f.css]
[modelo18.ondatta.com.br/wp-content/plugins/elementor/assets/lib/eicons/fonts/eicons9d5b.eot]
[modelo18.ondatta.com.br/wp-content/plugins/elementor/assets/lib/eicons/css/elementor-icons.min0fd8.css]
[modelo18.ondatta.com.br/wp-content/plugins/elementor/assets/lib/swiper/v8/css/swiper.min94a4.css]
[modelo18.ondatta.com.br/wp-content/plugins/elementor/assets/css/conditionals/e-swiper.min401f.css]
[modelo18.ondatta.com.br/wp-content/uploads/elementor/css/post-6980a.css]
[modelo18.ondatta.com.br/wp-content/plugins/elementor-pro/assets/css/conditionals/popup.min7ed1.css]
[modelo18.ondatta.com.br/wp-content/plugins/elementor/assets/lib/animations/styles/fadeInLeft.min401f.css]
[modelo18.ondatta.com.br/wp-content/plugins/elementor/assets/css/widget-spacer.min401f.css]
[modelo18.ondatta.com.br/wp-content/plugins/elementor/assets/lib/animations/styles/fadeInRight.min401f.css]
[modelo18.ondatta.com.br/wp-content/plugins/elementor/assets/lib/animations/styles/fadeInDown.min401f.css]
[modelo18.ondatta.com.br/wp-content/plugins/elementor/assets/css/widget-divider.min401f.css]
[modelo18.ondatta.com.br/wp-content/plugins/elementor/assets/lib/animations/styles/fadeInUp.min401f.css]
[modelo18.ondatta.com.br/wp-content/plugins/elementor/assets/css/widget-image-box.min401f.css]
[modelo18.ondatta.com.br/wp-content/plugins/elementor/assets/css/widget-text-editor.min401f.css]
[modelo18.ondatta.com.br/wp-content/plugins/elementor-pro/assets/css/widget-testimonial-carousel.min7ed1.css]
[modelo18.ondatta.com.br/wp-content/plugins/elementor-pro/assets/css/widget-carousel-module-base.min7ed1.css]
[modelo18.ondatta.com.br/wp-content/uploads/2024/04/tec-24.jpg]
[modelo18.ondatta.com.br/wp-content/uploads/elementor/css/post-80880.css]
[modelo18.ondatta.com.br/wp-content/uploads/elementor/css/post-35980a.css]
[modelo18.ondatta.com.br/wp-content/uploads/2021/07/predios-9-scaled.jpg]
[modelo18.ondatta.com.br/wp-content/uploads/elementor/css/post-40583c.css]
[modelo18.ondatta.com.br/wp-content/plugins/creame-whatsapp-me/public/css/joinchat.min9738.css]
[modelo18.ondatta.com.br/wp-content/plugins/elementor/assets/lib/font-awesome/css/fontawesome.min52d5.css]
[modelo18.ondatta.com.br/wp-content/plugins/elementor/assets/lib/font-awesome/webfonts/fa-solid-900.eot]
[modelo18.ondatta.com.br/wp-content/plugins/elementor/assets/lib/font-awesome/webfonts/fa-solid-900d41d.eot]
[modelo18.ondatta.com.br/wp-content/plugins/elementor/assets/lib/font-awesome/css/solid.min52d5.css]
[modelo18.ondatta.com.br/wp-content/plugins/elementor/assets/lib/font-awesome/webfonts/fa-brands-400.eot]
[modelo18.ondatta.com.br/wp-content/plugins/elementor/assets/lib/font-awesome/webfonts/fa-brands-400d41d.eot]
[modelo18.ondatta.com.br/wp-content/plugins/elementor/assets/lib/font-awesome/css/brands.min52d5.css]
[modelo18.ondatta.com.br/wp-json/wp/v2/pages/11.json]
[modelo18.ondatta.com.br/wp-json/oembed/1.0/embed8a69.json]
[modelo18.ondatta.com.br/index5757.html]
[modelo18.ondatta.com.br/wp-json/oembed/1.0/embedf6b5]
[modelo18.ondatta.com.br/sobre-nos/index.html]
[modelo18.ondatta.com.br/wp-json/wp/v2/pages/12.json]
[modelo18.ondatta.com.br/wp-json/oembed/1.0/embed7db0.json]
[modelo18.ondatta.com.br/index678b.html]
[modelo18.ondatta.com.br/wp-json/oembed/1.0/embedd034]
[modelo18.ondatta.com.br/servicos/index.html]
[modelo18.ondatta.com.br/wp-json/wp/v2/pages/340.json]
[modelo18.ondatta.com.br/wp-json/oembed/1.0/embed8359.json]
[modelo18.ondatta.com.br/index80a3.html]
[modelo18.ondatta.com.br/wp-json/oembed/1.0/embed5be8]
[modelo18.ondatta.com.br/abrir-empresa/index.html]
[modelo18.ondatta.com.br/wp-json/wp/v2/pages/13.json]
[modelo18.ondatta.com.br/wp-json/oembed/1.0/embed6a3d.json]
[modelo18.ondatta.com.br/index2dc4.html]
[modelo18.ondatta.com.br/wp-json/oembed/1.0/embed85ed]
[modelo18.ondatta.com.br/noticias-contabeis/como-declarar-criptoativos-no-ir-2025-sem-cair-na-malha-fina/231e8dae-3aca-4423-842c-7c7c9a1ebe00]
[appcontabildata.blob.core.windows.net/noticias/bc93c907-a1a1-4545-b061-14f30c60c681.jpg]
[modelo18.ondatta.com.br/noticias-contabeis/semana-de-4-dias-quais-as-percepcoes-nas-empresas-que-participaram-de-pesquisa-apos-1-ano-na-reducao-de-jornada/dd51f2ab-4a9a-4832-ad32-e4bcc4a23b4b]
[modelo18.ondatta.com.br/noticias-contabeis/como-declarar-criptoativos-no-ir-2025-sem-cair-na-malha-fina/231e8dae-3aca-4423-842c-7c7c9a1ebe00/index.html]
[appcontabildata.blob.core.windows.net/noticias/39792c84-b20b-4344-8684-51a0c877084b.jpg]
[modelo18.ondatta.com.br/noticias-contabeis/semana-de-4-dias-quais-as-percepcoes-nas-empresas-que-participaram-de-pesquisa-apos-1-ano-na-reducao-de-jornada/dd51f2ab-4a9a-4832-ad32-e4bcc4a23b4b/index.html]
[modelo18.ondatta.com.br/noticias-contabeis/cultura-forte-x-cultura-toxica-onde-esta-o-limite-/302b6041-1663-4371-af11-a9b783548cf8.a1.delayed]
[appcontabildata.blob.core.windows.net/noticias/6460280d-0abd-48c0-bd0a-4a8c5a0785f3.png]
[modelo18.ondatta.com.br/noticias-contabeis/cultura-forte-x-cultura-toxica-onde-esta-o-limite-/302b6041-1663-4371-af11-a9b783548cf8/index.html]
[modelo18.ondatta.com.br/noticias-contabeis/a-responsabilidade-legal-das-empresas-no-tratamento-de-dados-pessoais/fb944da1-f498-460d-a399-d60fb33cc106.a3.delayed]
[appcontabildata.blob.core.windows.net/noticias/fc30a6d9-ca33-4a07-9fd9-575de37fedef.jpg]
[modelo18.ondatta.com.br/noticias-contabeis/os-riscos-da-falta-de-seguranca-em-aplicativos-mensagem/a25fe70c-6542-4560-bad8-8bde90e3bbad.a5.delayed]
[modelo18.ondatta.com.br/noticias-contabeis/a-responsabilidade-legal-das-empresas-no-tratamento-de-dados-pessoais/fb944da1-f498-460d-a399-d60fb33cc106/index.html]
[appcontabildata.blob.core.windows.net/noticias/caf57e88-b8d1-434b-afed-7ff7ba0204fd.jpg]
[modelo18.ondatta.com.br/noticias-contabeis/os-riscos-da-falta-de-seguranca-em-aplicativos-mensagem/a25fe70c-6542-4560-bad8-8bde90e3bbad/index.html]
[modelo18.ondatta.com.br/noticias-contabeis/6-licoes-de-gestores-de-redes-de-franquias-com-mais-de-100-unidades-para-aplicar-no-seu-negocio/7fe81f63-3fd0-43ba-b354-1afac36c0051.a7.delayed]
[appcontabildata.blob.core.windows.net/noticias/03fe7d9a-3621-4926-9177-860ff65f77e6.jpg]
[modelo18.ondatta.com.br/noticias-contabeis/6-licoes-de-gestores-de-redes-de-franquias-com-mais-de-100-unidades-para-aplicar-no-seu-negocio/7fe81f63-3fd0-43ba-b354-1afac36c0051/index.html]
[modelo18.ondatta.com.br/noticias-contabeis/salario-minimo-pode-chegar-a-r$-1.630-em-2026;-confira-proposta-enviada-ao-congresso/9a6c93b8-4516-4bf6-a953-d49d939be36f.a9.delayed]
[appcontabildata.blob.core.windows.net/noticias/06396d92-b88d-4838-9317-9445f55c8c04.jpg]
[modelo18.ondatta.com.br/noticias-contabeis/salario-minimo-pode-chegar-a-r-1.630-em-2026;-confira-proposta-enviada-ao-congresso/9a6c93b8-4516-4bf6-a953-d49d939be36f/index.html]
[modelo18.ondatta.com.br/noticias-contabeis/icms-confira-os-principais-convenios-publicados-pelo-confaz-em-abril/68ff7bee-e972-4454-bbf4-32a38865fd96.ab.delayed]
[appcontabildata.blob.core.windows.net/noticias/f0103a80-5757-413d-9f0b-37339907954d.png]
[modelo18.ondatta.com.br/noticias-contabeis/icms-confira-os-principais-convenios-publicados-pelo-confaz-em-abril/68ff7bee-e972-4454-bbf4-32a38865fd96/index.html]
[modelo18.ondatta.com.br/noticias-contabeis/sebrae-e-entidades-de-tic-se-unem-para-promover-desenvolvimento-e-fortalecimento-das-mpe-do-setor/14726ae5-2d42-4211-9066-b7116a566517.ad.delayed]
[appcontabildata.blob.core.windows.net/noticias/653c5e63-5cff-411e-8264-5b5a916327ea.jpg]
[modelo18.ondatta.com.br/noticias-contabeis/sebrae-e-entidades-de-tic-se-unem-para-promover-desenvolvimento-e-fortalecimento-das-mpe-do-setor/14726ae5-2d42-4211-9066-b7116a566517/index.html]
[modelo18.ondatta.com.br/noticias-contabeis/tem-dificuldade-na-gestao-financeira-da-empresa-a-planejadora-sebrae-pode-ajudar-a-resolver-seus-problemas/ef0509e1-a003-4cca-bd09-ee41f0a5358c.af.delayed]
[appcontabildata.blob.core.windows.net/noticias/194cdf78-c340-4a8c-af76-7bff7e5b464b.jpg]
[modelo18.ondatta.com.br/noticias-contabeis/tem-dificuldade-na-gestao-financeira-da-empresa-a-planejadora-sebrae-pode-ajudar-a-resolver-seus-problemas/ef0509e1-a003-4cca-bd09-ee41f0a5358c/index.html]
[modelo18.ondatta.com.br/noticias-contabeis/ministro-estuda-aumentar-teto-do-mei-e-adotar-tabela-progressiva-para-categoria;-defasagem-chega-a-122-/3a236800-f8ba-435b-9f49-db8f6016363f.b1.delayed]
[appcontabildata.blob.core.windows.net/noticias/d321bc1b-d7e7-40bf-9e3e-e925d455f19e.jpg]
[modelo18.ondatta.com.br/noticias-contabeis/ministro-estuda-aumentar-teto-do-mei-e-adotar-tabela-progressiva-para-categoria;-defasagem-chega-a-122-/3a236800-f8ba-435b-9f49-db8f6016363f/index.html]
[modelo18.ondatta.com.br/noticias-contabeis/os-erros-mais-comuns-das-empresas-ao-implementar-a-lgpd-e-como-evita-los/aea05574-d886-43e5-8e69-c5951d2ee6bf.b3.delayed]
[appcontabildata.blob.core.windows.net/noticias/703b1b36-04a6-434d-b903-341fdea76357.jpg]
[modelo18.ondatta.com.br/noticias-contabeis/os-erros-mais-comuns-das-empresas-ao-implementar-a-lgpd-e-como-evita-los/aea05574-d886-43e5-8e69-c5951d2ee6bf/index.html]
[modelo18.ondatta.com.br/noticias-contabeis/cfc-reforca-aviso-da-rfb-sobre-golpes-voltados-para-restituicao-do-irpf/7be9f573-274b-428d-accc-5c8ac7618f59.b5.delayed]
[appcontabildata.blob.core.windows.net/noticias/ab918203-2994-46e3-aa84-f5131ec7f39e.jpg]
[modelo18.ondatta.com.br/noticias-contabeis/cfc-reforca-aviso-da-rfb-sobre-golpes-voltados-para-restituicao-do-irpf/7be9f573-274b-428d-accc-5c8ac7618f59/index.html]
[modelo18.ondatta.com.br/noticias-contabeis/turismo-brasil-e-um-dos-cinco-paises-mais-procurados-do-mundo.-pequenos-negocios-impulsionam-o-setor/e6564627-6461-4b20-9932-5822d6cf2afe.b7.delayed]
[appcontabildata.blob.core.windows.net/noticias/534892a7-b68d-4e49-90a7-01acaf17b410.jpg]
[modelo18.ondatta.com.br/noticias-contabeis/turismo-brasil-e-um-dos-cinco-paises-mais-procurados-do-mundo.-pequenos-negocios-impulsionam-o-setor/e6564627-6461-4b20-9932-5822d6cf2afe/index.html]
[modelo18.ondatta.com.br/noticias-contabeis/depois-do-burnout-o-novo-risco-ao-trabalho-e-o-“boreout”;-conheca/5d87e1c2-cb58-4279-bd82-b81f16c888e0.b9.delayed]
[appcontabildata.blob.core.windows.net/noticias/40236655-8ea5-4679-9bf5-bbc60ee1b552.jpg]
[modelo18.ondatta.com.br/noticias-contabeis/depois-do-burnout-o-novo-risco-ao-trabalho-e-o-“boreout”;-conheca/5d87e1c2-cb58-4279-bd82-b81f16c888e0/index.html]
[modelo18.ondatta.com.br/noticias-contabeis/meis-e-pequenas-empresas-podem-ganhar-mais-prazo-para-quitar-dividas/0e9f1045-ec02-4ad1-9d87-be390ab98d34.bb.delayed]
[appcontabildata.blob.core.windows.net/noticias/1f58e44b-b940-4fd3-88a0-921595221854.jpg]
[modelo18.ondatta.com.br/noticias/index.html]
[modelo18.ondatta.com.br/noticias-contabeis/meis-e-pequenas-empresas-podem-ganhar-mais-prazo-para-quitar-dividas/0e9f1045-ec02-4ad1-9d87-be390ab98d34/index.html]
[modelo18.ondatta.com.br/wp-json/wp/v2/pages/16.json]
[modelo18.ondatta.com.br/wp-json/oembed/1.0/embed60c7.json]
[modelo18.ondatta.com.br/index0e62.html]
[modelo18.ondatta.com.br/contato/index.html]
[modelo18.ondatta.com.br/wp-content/uploads/2022/01/depo-1.html]
[modelo18.ondatta.com.br/wp-content/uploads/2022/01/depo-2.html]
[modelo18.ondatta.com.br/wp-content/uploads/2022/01/depo-3.html]
[modelo18.ondatta.com.br/wp-json/oembed/1.0/embedd69b]
[modelo18.ondatta.com.br/wp-json/wp/v2/pages/14.json]
[modelo18.ondatta.com.br/wp-json/oembed/1.0/embedd584.json]
[modelo18.ondatta.com.br/index0b69.html]
[modelo18.ondatta.com.br/wp-json/oembed/1.0/embedb793]
[modelo18.ondatta.com.br/noticias-contabeis/index.html]
[modelo18.ondatta.com.br/noticias-contabeis/negocio-sem-alvara-de-funcionamento-quais-os-riscos-e-consequencias-/d1a26ee6-c467-4c8e-8b94-8332aad2feb3/index.html]
[modelo18.ondatta.com.br/noticias-contabeis/nova-edicao-da-ifrs-para-pmes-veja-o-que-mudou-e-como-se-adaptar/8c2c5615-5e0c-4180-b8a8-d954d1344a92/index.html]
[modelo18.ondatta.com.br/noticias-contabeis/mei-guias-do-das-podem-ser-emitidas-de-forma-consolidada/24e2bebe-d285-4dde-b5d6-0453f3b0f606/index.html]
[modelo18.ondatta.com.br/noticias-contabeis/depositos-de-marcas-feitos-por-pequenos-negocios-crescem-33-em-dois-anos/f3c0ffab-68ec-4732-adaa-1aa5342dcef9/index.html]
[modelo18.ondatta.com.br/xmlrpc.php]
[modelo18.ondatta.com.br/politica-de-privacidade/feed/index.html]
[modelo18.ondatta.com.br/wp-json/wp/v2/pages/3.json]
[modelo18.ondatta.com.br/index2207.html]
[modelo18.ondatta.com.br/wp-json/oembed/1.0/embed5ff0.json]
[modelo18.ondatta.com.br/politica-de-privacidade/index.html]
[modelo18.ondatta.com.br/wp-json/oembed/1.0/embed20b0]
[modelo18.ondatta.com.br/wp-json/wp/v2/pages/10.json]
[modelo18.ondatta.com.br/wp-json/oembed/1.0/embedad00.json]
[modelo18.ondatta.com.br/index64b4.html]
[modelo18.ondatta.com.br/termos-de-uso/index.html]
[modelo18.ondatta.com.br/wp-content/uploads/elementor/css/post-5074e10.css]
[modelo18.ondatta.com.br/wp-content/plugins/elementor/assets/css/widget-counter.min401f.css]
[modelo18.ondatta.com.br/wp-json/oembed/1.0/embed5533]
[modelo18.ondatta.com.br/wp-content/uploads/2022/01/silhueta-scaled.jpg]
[modelo18.ondatta.com.br/wp-content/uploads/elementor/css/post-5104e10.css]
[modelo18.ondatta.com.br/wp-content/uploads/elementor/css/post-5144e10.css]
[modelo18.ondatta.com.br/wp-content/uploads/elementor/css/post-554767f.css]
[modelo18.ondatta.com.br/wp-content/plugins/elementor/assets/css/widget-icon-list.min401f.css]
[modelo18.ondatta.com.br/wp-content/plugins/cookie-law-info/legacy/images/td_back.gif]
[modelo18.ondatta.com.br/wp-content/plugins/cookie-law-info/legacy/public/css/cookie-law-info-table2c3d.css]
[modelo18.ondatta.com.br/wp-content/plugins/elementor-pro/assets/css/modules/sticky.min7ed1.css]
[modelo18.ondatta.com.br/wp-content/themes/contabil/assets/fonts/fontawesome/webfonts/fa-brands-400.html]
[modelo18.ondatta.com.br/wp-content/themes/contabil/assets/fonts/fontawesome/webfonts/fa-brands-401.html]
[modelo18.ondatta.com.br/wp-content/themes/contabil/assets/fonts/fontawesome/webfonts/fa-brands-402.html]
[modelo18.ondatta.com.br/wp-content/themes/contabil/assets/fonts/fontawesome/webfonts/fa-brands-400.svg]
[modelo18.ondatta.com.br/wp-content/themes/contabil/assets/fonts/fontawesome/webfonts/fa-regular-400.html]
[modelo18.ondatta.com.br/wp-content/themes/contabil/assets/fonts/fontawesome/webfonts/fa-regular-401.html]
[modelo18.ondatta.com.br/wp-content/themes/contabil/assets/fonts/fontawesome/webfonts/fa-regular-402.html]
[modelo18.ondatta.com.br/wp-content/themes/contabil/assets/fonts/fontawesome/webfonts/fa-regular-400.svg]
[modelo18.ondatta.com.br/wp-content/themes/contabil/assets/fonts/fontawesome/webfonts/fa-solid-900.html]
[modelo18.ondatta.com.br/wp-content/themes/contabil/assets/fonts/fontawesome/webfonts/fa-solid-901.html]
[modelo18.ondatta.com.br/wp-content/themes/contabil/assets/fonts/fontawesome/webfonts/fa-solid-902.html]
[modelo18.ondatta.com.br/wp-content/themes/contabil/assets/fonts/fontawesome/webfonts/fa-solid-900.svg]
[modelo18.ondatta.com.br/wp-content/themes/contabil/assets/fonts/simple-line-icons/Simple-Line-Iconsb26c.html]
[modelo18.ondatta.com.br/wp-content/themes/contabil/assets/fonts/simple-line-icons/Simple-Line-Iconsb26c-2.html]
[modelo18.ondatta.com.br/wp-content/themes/contabil/assets/fonts/simple-line-icons/Simple-Line-Iconsb26c-3.html]
[modelo18.ondatta.com.br/wp-content/themes/contabil/assets/fonts/simple-line-icons/Simple-Line-Iconsb26c.svg]
[modelo18.ondatta.com.br/wp-content/themes/contabil/assets/img/photoswipe/default-skin.svg]
[modelo18.ondatta.com.br/wp-content/plugins/elementor/assets/lib/eicons/fonts/eicons9d5b.html]
[modelo18.ondatta.com.br/wp-content/plugins/elementor/assets/lib/eicons/fonts/eicons9d5b-2.html]
[modelo18.ondatta.com.br/wp-content/plugins/elementor/assets/lib/eicons/fonts/eicons9d5b-3.html]
[modelo18.ondatta.com.br/wp-content/plugins/elementor/assets/lib/eicons/fonts/eicons9d5b.svg]
[modelo18.ondatta.com.br/wp-content/uploads/2021/07/svg-logo-fundo.svg]
[modelo18.ondatta.com.br/wp-content/uploads/2022/01/fundo-rodape.html]
[modelo18.ondatta.com.br/wp-content/plugins/elementor/assets/lib/font-awesome/webfonts/fa-solid-900.html]
[modelo18.ondatta.com.br/wp-content/plugins/elementor/assets/lib/font-awesome/webfonts/fa-solid-901.html]
[modelo18.ondatta.com.br/wp-content/plugins/elementor/assets/lib/font-awesome/webfonts/fa-solid-902.html]
[modelo18.ondatta.com.br/wp-content/plugins/elementor/assets/lib/font-awesome/webfonts/fa-solid-900.svg]
[modelo18.ondatta.com.br/wp-content/plugins/elementor/assets/lib/font-awesome/webfonts/fa-brands-400.html]
[modelo18.ondatta.com.br/wp-content/plugins/elementor/assets/lib/font-awesome/webfonts/fa-brands-401.html]
[modelo18.ondatta.com.br/wp-content/plugins/elementor/assets/lib/font-awesome/webfonts/fa-brands-402.html]
[modelo18.ondatta.com.br/wp-content/plugins/elementor/assets/lib/font-awesome/webfonts/fa-brands-400.svg]
[modelo18.ondatta.com.br/wp-content/uploads/elementor/css/post-114e10.css]
[modelo18.ondatta.com.br/index5757.html]
[modelo18.ondatta.com.br/wp-content/uploads/2022/01/aline.html]
[modelo18.ondatta.com.br/wp-content/uploads/2022/01/juliana.html]
[modelo18.ondatta.com.br/wp-content/uploads/2022/01/ronaldo.html]
[modelo18.ondatta.com.br/wp-content/uploads/elementor/css/post-372980a.css]
[modelo18.ondatta.com.br/wp-content/plugins/elementor/assets/lib/animations/styles/fadeIn.min401f.css]
[modelo18.ondatta.com.br/wp-content/uploads/elementor/css/post-12710a.css]
[modelo18.ondatta.com.br/index678b.html]
[modelo18.ondatta.com.br/wp-content/uploads/2022/01/aline-serv.html]
[modelo18.ondatta.com.br/wp-content/plugins/elementor-pro/assets/css/widget-form.min7ed1.css]
[modelo18.ondatta.com.br/wp-content/uploads/elementor/css/post-3405f5f.css]
[modelo18.ondatta.com.br/index80a3.html]
[modelo18.ondatta.com.br/wp-content/uploads/2022/01/img-abertura-1.html]
[modelo18.ondatta.com.br/wp-content/uploads/elementor/css/post-13e448.css]
[modelo18.ondatta.com.br/index2dc4.html]
[modelo18.ondatta.com.br/noticias-contabeis/como-declarar-criptoativos-no-ir-2025-sem-cair-na-malha-fina/231e8dae-3aca-4423-842c-7c7c9a1ebe00/index.html]
[modelo18.ondatta.com.br/noticias-contabeis/semana-de-4-dias-quais-as-percepcoes-nas-empresas-que-participaram-de-pesquisa-apos-1-ano-na-reducao-de-jornada/dd51f2ab-4a9a-4832-ad32-e4bcc4a23b4b/index.html]
[modelo18.ondatta.com.br/noticias-contabeis/cultura-forte-x-cultura-toxica-onde-esta-o-limite-/302b6041-1663-4371-af11-a9b783548cf8/index.html]
[modelo18.ondatta.com.br/noticias-contabeis/a-responsabilidade-legal-das-empresas-no-tratamento-de-dados-pessoais/fb944da1-f498-460d-a399-d60fb33cc106/index.html]
[modelo18.ondatta.com.br/noticias-contabeis/os-riscos-da-falta-de-seguranca-em-aplicativos-mensagem/a25fe70c-6542-4560-bad8-8bde90e3bbad/index.html]
[modelo18.ondatta.com.br/noticias-contabeis/6-licoes-de-gestores-de-redes-de-franquias-com-mais-de-100-unidades-para-aplicar-no-seu-negocio/7fe81f63-3fd0-43ba-b354-1afac36c0051/index.html]
[modelo18.ondatta.com.br/noticias-contabeis/salario-minimo-pode-chegar-a-r-1.630-em-2026;-confira-proposta-enviada-ao-congresso/9a6c93b8-4516-4bf6-a953-d49d939be36f/index.html]
[modelo18.ondatta.com.br/noticias-contabeis/icms-confira-os-principais-convenios-publicados-pelo-confaz-em-abril/68ff7bee-e972-4454-bbf4-32a38865fd96/index.html]
[modelo18.ondatta.com.br/noticias-contabeis/sebrae-e-entidades-de-tic-se-unem-para-promover-desenvolvimento-e-fortalecimento-das-mpe-do-setor/14726ae5-2d42-4211-9066-b7116a566517/index.html]
[modelo18.ondatta.com.br/noticias-contabeis/tem-dificuldade-na-gestao-financeira-da-empresa-a-planejadora-sebrae-pode-ajudar-a-resolver-seus-problemas/ef0509e1-a003-4cca-bd09-ee41f0a5358c/index.html]
[modelo18.ondatta.com.br/noticias-contabeis/ministro-estuda-aumentar-teto-do-mei-e-adotar-tabela-progressiva-para-categoria;-defasagem-chega-a-122-/3a236800-f8ba-435b-9f49-db8f6016363f/index.html]
[modelo18.ondatta.com.br/noticias-contabeis/os-erros-mais-comuns-das-empresas-ao-implementar-a-lgpd-e-como-evita-los/aea05574-d886-43e5-8e69-c5951d2ee6bf/index.html]
[modelo18.ondatta.com.br/noticias-contabeis/cfc-reforca-aviso-da-rfb-sobre-golpes-voltados-para-restituicao-do-irpf/7be9f573-274b-428d-accc-5c8ac7618f59/index.html]
[modelo18.ondatta.com.br/noticias-contabeis/turismo-brasil-e-um-dos-cinco-paises-mais-procurados-do-mundo.-pequenos-negocios-impulsionam-o-setor/e6564627-6461-4b20-9932-5822d6cf2afe/index.html]
[modelo18.ondatta.com.br/noticias-contabeis/depois-do-burnout-o-novo-risco-ao-trabalho-e-o-“boreout”;-conheca/5d87e1c2-cb58-4279-bd82-b81f16c888e0/index.html]
[modelo18.ondatta.com.br/noticias-contabeis/meis-e-pequenas-empresas-podem-ganhar-mais-prazo-para-quitar-dividas/0e9f1045-ec02-4ad1-9d87-be390ab98d34/index.html]
[modelo18.ondatta.com.br/wp-content/plugins/elementor/assets/css/widget-google_maps.min401f.css]
[modelo18.ondatta.com.br/wp-content/uploads/elementor/css/post-1612d7.css]
[modelo18.ondatta.com.br/wp-content/uploads/elementor/css/post-63612d7.css]
[modelo18.ondatta.com.br/index0e62.html]
[modelo18.ondatta.com.br/noticias-contabeis/index.html]
[modelo18.ondatta.com.br/index0b69.html]
[modelo18.ondatta.com.br/wp-content/uploads/elementor/css/post-3153414.css]
[modelo18.ondatta.com.br/wp-content/plugins/elementor-pro/assets/css/widget-share-buttons.min7ed1.css]
[modelo18.ondatta.com.br/wp-content/uploads/elementor/css/post-3373414.css]
[modelo18.ondatta.com.br/xmlrpc.php]
[modelo18.ondatta.com.br/wp-content/uploads/elementor/css/post-35bac.css]
[modelo18.ondatta.com.br/index2207.html]
[modelo18.ondatta.com.br/wp-content/uploads/elementor/css/post-1091b6.css]
[modelo18.ondatta.com.br/index64b4.html]
[modelo18.ondatta.com.br/wp-content/uploads/2022/01/img-abertura-2.html]
